// Jest Snapshot v1, https://goo.gl/fbAQLP

exports[`message page render's properly 1`] = `
<DocumentFragment>
  <div
    class="ant-row"
  >
    <section
      class="ant-layout ant-layout-has-sider"
    >
      <div
        class="ant-col ant-col-8"
      >
        <aside
          class="ant-layout-sider ant-layout-sider-light"
          style="flex: 0 0 100%; max-width: 100%; min-width: 100%; width: 100%;"
        >
          <div
            class="ant-layout-sider-children"
          >
            <div>
              <div
                class="ant-row"
              >
                <div
                  class="ant-col ant-col-12"
                >
                  <h4
                    class="ant-typography"
                    data-testid="message-title"
                  >
                    Messages 
                    <span
                      class="ant-tag"
                    >
                      <span
                        class="ant-typography"
                      >
                        25
                      </span>
                    </span>
                  </h4>
                </div>
                <div
                  class="ant-col ant-col-12"
                >
                  <button
                    class="ant-btn ant-dropdown-trigger"
                    style="width: 100%;"
                    type="button"
                  >
                    <span>
                      All Messages 
                    </span>
                    <span
                      aria-label="caret-down"
                      class="anticon anticon-caret-down"
                      role="img"
                    >
                      <svg
                        aria-hidden="true"
                        class=""
                        data-icon="caret-down"
                        fill="currentColor"
                        focusable="false"
                        height="1em"
                        viewBox="0 0 1024 1024"
                        width="1em"
                      >
                        <path
                          d="M840.4 300H183.6c-19.7 0-30.7 20.8-18.5 35l328.4 380.8c9.4 10.9 27.5 10.9 37 0L858.9 335c12.2-14.2 1.2-35-18.5-35z"
                        />
                      </svg>
                    </span>
                  </button>
                </div>
              </div>
              <div
                class="ant-row"
              >
                <div
                  class="ant-col ant-col-24"
                >
                  <span
                    class="ant-input-search ant-input-affix-wrapper"
                  >
                    <input
                      class="ant-input"
                      data-testid="message-search"
                      placeholder="search for your messages ..."
                      type="text"
                      value=""
                    />
                    <span
                      class="ant-input-suffix"
                    >
                      <span
                        aria-label="search"
                        class="anticon anticon-search ant-input-search-icon"
                        role="img"
                        tabindex="-1"
                      >
                        <svg
                          aria-hidden="true"
                          class=""
                          data-icon="search"
                          fill="currentColor"
                          focusable="false"
                          height="1em"
                          viewBox="64 64 896 896"
                          width="1em"
                        >
                          <path
                            d="M909.6 854.5L649.9 594.8C690.2 542.7 712 479 712 412c0-80.2-31.3-155.4-87.9-212.1-56.6-56.7-132-87.9-212.1-87.9s-155.5 31.3-212.1 87.9C143.2 256.5 112 331.8 112 412c0 80.1 31.3 155.5 87.9 212.1C256.5 680.8 331.8 712 412 712c67 0 130.6-21.8 182.7-62l259.7 259.6a8.2 8.2 0 0011.6 0l43.6-43.5a8.2 8.2 0 000-11.6zM570.4 570.4C528 612.7 471.8 636 412 636s-116-23.3-158.4-65.6C211.3 528 188 471.8 188 412s23.3-116.1 65.6-158.4C296 211.3 352.2 188 412 188s116.1 23.2 158.4 65.6S636 352.2 636 412s-23.3 116.1-65.6 158.4z"
                          />
                        </svg>
                      </span>
                    </span>
                  </span>
                </div>
              </div>
            </div>
            <div>
              <div
                class="ant-row"
                data-testid="message-list"
              >
                <div
                  class="ant-col"
                  data-testid="message-list-item0"
                >
                  <div
                    class="ant-card undefined "
                    data-testid="message-list-card"
                  >
                    <div
                      class="ant-card-body"
                      style="padding: 1rem;"
                    >
                      <div
                        class="ant-row primary"
                      >
                        <div
                          class="ant-col ant-col-4"
                        >
                          <span
                            class="ant-avatar ant-avatar-lg ant-avatar-circle ant-avatar-icon"
                          >
                            <span
                              aria-label="user"
                              class="anticon anticon-user"
                              role="img"
                            >
                              <svg
                                aria-hidden="true"
                                class=""
                                data-icon="user"
                                fill="currentColor"
                                focusable="false"
                                height="1em"
                                viewBox="64 64 896 896"
                                width="1em"
                              >
                                <path
                                  d="M858.5 763.6a374 374 0 00-80.6-119.5 375.63 375.63 0 00-119.5-80.6c-.4-.2-.8-.3-1.2-.5C719.5 518 760 444.7 760 362c0-137-111-248-248-248S264 225 264 362c0 82.7 40.5 156 102.8 201.1-.4.2-.8.3-1.2.5-44.8 18.9-85 46-119.5 80.6a375.63 375.63 0 00-80.6 119.5A371.7 371.7 0 00136 901.8a8 8 0 008 8.2h60c4.4 0 7.9-3.5 8-7.8 2-77.2 33-149.5 87.8-204.3 56.7-56.7 132-87.9 212.2-87.9s155.5 31.2 212.2 87.9C779 752.7 810 825 812 902.2c.1 4.4 3.6 7.8 8 7.8h60a8 8 0 008-8.2c-1-47.8-10.9-94.3-29.5-138.2zM512 534c-45.9 0-89.1-17.9-121.6-50.4S340 407.9 340 362c0-45.9 17.9-89.1 50.4-121.6S466.1 190 512 190s89.1 17.9 121.6 50.4S684 316.1 684 362c0 45.9-17.9 89.1-50.4 121.6S557.9 534 512 534z"
                                />
                              </svg>
                            </span>
                          </span>
                        </div>
                        <div
                          class="ant-col ant-col-20"
                        >
                          <div
                            class="ant-row"
                          >
                            <div
                              class="ant-col"
                            >
                              <h4
                                class="ant-typography"
                              >
                                dodo duck
                              </h4>
                            </div>
                            <div
                              class="ant-col"
                            >
                              <small>
                                a few seconds ago
                              </small>
                            </div>
                          </div>
                          <div
                            class="ant-typography"
                          >
                            applied for 
                            <span
                              class="ant-typography"
                            >
                              <strong>
                                UI/UX Designer
                              </strong>
                            </span>
                          </div>
                        </div>
                      </div>
                      <div
                        class="ant-typography"
                      >
                        dodo duck lives here with some data to be read more about. but the message can go long also
                      </div>
                    </div>
                  </div>
                  <hr />
                </div>
                <div
                  class="ant-col"
                  data-testid="message-list-item1"
                >
                  <div
                    class="ant-card undefined undefined"
                    data-testid="message-list-card"
                  >
                    <div
                      class="ant-card-body"
                      style="padding: 1rem;"
                    >
                      <div
                        class="ant-row primary"
                      >
                        <div
                          class="ant-col ant-col-4"
                        >
                          <span
                            class="ant-avatar ant-avatar-lg ant-avatar-circle ant-avatar-icon"
                          >
                            <span
                              aria-label="user"
                              class="anticon anticon-user"
                              role="img"
                            >
                              <svg
                                aria-hidden="true"
                                class=""
                                data-icon="user"
                                fill="currentColor"
                                focusable="false"
                                height="1em"
                                viewBox="64 64 896 896"
                                width="1em"
                              >
                                <path
                                  d="M858.5 763.6a374 374 0 00-80.6-119.5 375.63 375.63 0 00-119.5-80.6c-.4-.2-.8-.3-1.2-.5C719.5 518 760 444.7 760 362c0-137-111-248-248-248S264 225 264 362c0 82.7 40.5 156 102.8 201.1-.4.2-.8.3-1.2.5-44.8 18.9-85 46-119.5 80.6a375.63 375.63 0 00-80.6 119.5A371.7 371.7 0 00136 901.8a8 8 0 008 8.2h60c4.4 0 7.9-3.5 8-7.8 2-77.2 33-149.5 87.8-204.3 56.7-56.7 132-87.9 212.2-87.9s155.5 31.2 212.2 87.9C779 752.7 810 825 812 902.2c.1 4.4 3.6 7.8 8 7.8h60a8 8 0 008-8.2c-1-47.8-10.9-94.3-29.5-138.2zM512 534c-45.9 0-89.1-17.9-121.6-50.4S340 407.9 340 362c0-45.9 17.9-89.1 50.4-121.6S466.1 190 512 190s89.1 17.9 121.6 50.4S684 316.1 684 362c0 45.9-17.9 89.1-50.4 121.6S557.9 534 512 534z"
                                />
                              </svg>
                            </span>
                          </span>
                        </div>
                        <div
                          class="ant-col ant-col-20"
                        >
                          <div
                            class="ant-row"
                          >
                            <div
                              class="ant-col"
                            >
                              <h4
                                class="ant-typography"
                              >
                                dodo duck
                              </h4>
                            </div>
                            <div
                              class="ant-col"
                            >
                              <small>
                                a few seconds ago
                              </small>
                            </div>
                          </div>
                          <div
                            class="ant-typography"
                          >
                            applied for 
                            <span
                              class="ant-typography"
                            >
                              <strong>
                                UI/UX Designer
                              </strong>
                            </span>
                          </div>
                        </div>
                      </div>
                      <div
                        class="ant-typography"
                      >
                        dodo duck lives here with some data to be read more about. but the message can go long also
                      </div>
                    </div>
                  </div>
                  <hr />
                </div>
                <div
                  class="ant-col"
                  data-testid="message-list-item2"
                >
                  <div
                    class="ant-card undefined "
                    data-testid="message-list-card"
                  >
                    <div
                      class="ant-card-body"
                      style="padding: 1rem;"
                    >
                      <div
                        class="ant-row primary"
                      >
                        <div
                          class="ant-col ant-col-4"
                        >
                          <span
                            class="ant-avatar ant-avatar-lg ant-avatar-circle ant-avatar-icon"
                          >
                            <span
                              aria-label="user"
                              class="anticon anticon-user"
                              role="img"
                            >
                              <svg
                                aria-hidden="true"
                                class=""
                                data-icon="user"
                                fill="currentColor"
                                focusable="false"
                                height="1em"
                                viewBox="64 64 896 896"
                                width="1em"
                              >
                                <path
                                  d="M858.5 763.6a374 374 0 00-80.6-119.5 375.63 375.63 0 00-119.5-80.6c-.4-.2-.8-.3-1.2-.5C719.5 518 760 444.7 760 362c0-137-111-248-248-248S264 225 264 362c0 82.7 40.5 156 102.8 201.1-.4.2-.8.3-1.2.5-44.8 18.9-85 46-119.5 80.6a375.63 375.63 0 00-80.6 119.5A371.7 371.7 0 00136 901.8a8 8 0 008 8.2h60c4.4 0 7.9-3.5 8-7.8 2-77.2 33-149.5 87.8-204.3 56.7-56.7 132-87.9 212.2-87.9s155.5 31.2 212.2 87.9C779 752.7 810 825 812 902.2c.1 4.4 3.6 7.8 8 7.8h60a8 8 0 008-8.2c-1-47.8-10.9-94.3-29.5-138.2zM512 534c-45.9 0-89.1-17.9-121.6-50.4S340 407.9 340 362c0-45.9 17.9-89.1 50.4-121.6S466.1 190 512 190s89.1 17.9 121.6 50.4S684 316.1 684 362c0 45.9-17.9 89.1-50.4 121.6S557.9 534 512 534z"
                                />
                              </svg>
                            </span>
                          </span>
                        </div>
                        <div
                          class="ant-col ant-col-20"
                        >
                          <div
                            class="ant-row"
                          >
                            <div
                              class="ant-col"
                            >
                              <h4
                                class="ant-typography"
                              >
                                dodo duck
                              </h4>
                            </div>
                            <div
                              class="ant-col"
                            >
                              <small>
                                a few seconds ago
                              </small>
                            </div>
                          </div>
                          <div
                            class="ant-typography"
                          >
                            applied for 
                            <span
                              class="ant-typography"
                            >
                              <strong>
                                UI/UX Designer
                              </strong>
                            </span>
                          </div>
                        </div>
                      </div>
                      <div
                        class="ant-typography"
                      >
                        dodo duck lives here with some data to be read more about. but the message can go long also
                      </div>
                    </div>
                  </div>
                  <hr />
                </div>
                <div
                  class="ant-col"
                  data-testid="message-list-item3"
                >
                  <div
                    class="ant-card undefined "
                    data-testid="message-list-card"
                  >
                    <div
                      class="ant-card-body"
                      style="padding: 1rem;"
                    >
                      <div
                        class="ant-row primary"
                      >
                        <div
                          class="ant-col ant-col-4"
                        >
                          <span
                            class="ant-avatar ant-avatar-lg ant-avatar-circle ant-avatar-icon"
                          >
                            <span
                              aria-label="user"
                              class="anticon anticon-user"
                              role="img"
                            >
                              <svg
                                aria-hidden="true"
                                class=""
                                data-icon="user"
                                fill="currentColor"
                                focusable="false"
                                height="1em"
                                viewBox="64 64 896 896"
                                width="1em"
                              >
                                <path
                                  d="M858.5 763.6a374 374 0 00-80.6-119.5 375.63 375.63 0 00-119.5-80.6c-.4-.2-.8-.3-1.2-.5C719.5 518 760 444.7 760 362c0-137-111-248-248-248S264 225 264 362c0 82.7 40.5 156 102.8 201.1-.4.2-.8.3-1.2.5-44.8 18.9-85 46-119.5 80.6a375.63 375.63 0 00-80.6 119.5A371.7 371.7 0 00136 901.8a8 8 0 008 8.2h60c4.4 0 7.9-3.5 8-7.8 2-77.2 33-149.5 87.8-204.3 56.7-56.7 132-87.9 212.2-87.9s155.5 31.2 212.2 87.9C779 752.7 810 825 812 902.2c.1 4.4 3.6 7.8 8 7.8h60a8 8 0 008-8.2c-1-47.8-10.9-94.3-29.5-138.2zM512 534c-45.9 0-89.1-17.9-121.6-50.4S340 407.9 340 362c0-45.9 17.9-89.1 50.4-121.6S466.1 190 512 190s89.1 17.9 121.6 50.4S684 316.1 684 362c0 45.9-17.9 89.1-50.4 121.6S557.9 534 512 534z"
                                />
                              </svg>
                            </span>
                          </span>
                        </div>
                        <div
                          class="ant-col ant-col-20"
                        >
                          <div
                            class="ant-row"
                          >
                            <div
                              class="ant-col"
                            >
                              <h4
                                class="ant-typography"
                              >
                                dodo duck
                              </h4>
                            </div>
                            <div
                              class="ant-col"
                            >
                              <small>
                                a few seconds ago
                              </small>
                            </div>
                          </div>
                          <div
                            class="ant-typography"
                          >
                            applied for 
                            <span
                              class="ant-typography"
                            >
                              <strong>
                                UI/UX Designer
                              </strong>
                            </span>
                          </div>
                        </div>
                      </div>
                      <div
                        class="ant-typography"
                      >
                        dodo duck lives here with some data to be read more about. but the message can go long also
                      </div>
                    </div>
                  </div>
                  <hr />
                </div>
                <div
                  class="ant-col"
                  data-testid="message-list-item4"
                >
                  <div
                    class="ant-card undefined "
                    data-testid="message-list-card"
                  >
                    <div
                      class="ant-card-body"
                      style="padding: 1rem;"
                    >
                      <div
                        class="ant-row primary"
                      >
                        <div
                          class="ant-col ant-col-4"
                        >
                          <span
                            class="ant-avatar ant-avatar-lg ant-avatar-circle ant-avatar-icon"
                          >
                            <span
                              aria-label="user"
                              class="anticon anticon-user"
                              role="img"
                            >
                              <svg
                                aria-hidden="true"
                                class=""
                                data-icon="user"
                                fill="currentColor"
                                focusable="false"
                                height="1em"
                                viewBox="64 64 896 896"
                                width="1em"
                              >
                                <path
                                  d="M858.5 763.6a374 374 0 00-80.6-119.5 375.63 375.63 0 00-119.5-80.6c-.4-.2-.8-.3-1.2-.5C719.5 518 760 444.7 760 362c0-137-111-248-248-248S264 225 264 362c0 82.7 40.5 156 102.8 201.1-.4.2-.8.3-1.2.5-44.8 18.9-85 46-119.5 80.6a375.63 375.63 0 00-80.6 119.5A371.7 371.7 0 00136 901.8a8 8 0 008 8.2h60c4.4 0 7.9-3.5 8-7.8 2-77.2 33-149.5 87.8-204.3 56.7-56.7 132-87.9 212.2-87.9s155.5 31.2 212.2 87.9C779 752.7 810 825 812 902.2c.1 4.4 3.6 7.8 8 7.8h60a8 8 0 008-8.2c-1-47.8-10.9-94.3-29.5-138.2zM512 534c-45.9 0-89.1-17.9-121.6-50.4S340 407.9 340 362c0-45.9 17.9-89.1 50.4-121.6S466.1 190 512 190s89.1 17.9 121.6 50.4S684 316.1 684 362c0 45.9-17.9 89.1-50.4 121.6S557.9 534 512 534z"
                                />
                              </svg>
                            </span>
                          </span>
                        </div>
                        <div
                          class="ant-col ant-col-20"
                        >
                          <div
                            class="ant-row"
                          >
                            <div
                              class="ant-col"
                            >
                              <h4
                                class="ant-typography"
                              >
                                dodo duck
                              </h4>
                            </div>
                            <div
                              class="ant-col"
                            >
                              <small>
                                a few seconds ago
                              </small>
                            </div>
                          </div>
                          <div
                            class="ant-typography"
                          >
                            applied for 
                            <span
                              class="ant-typography"
                            >
                              <strong>
                                UI/UX Designer
                              </strong>
                            </span>
                          </div>
                        </div>
                      </div>
                      <div
                        class="ant-typography"
                      >
                        dodo duck lives here with some data to be read more about. but the message can go long also
                      </div>
                    </div>
                  </div>
                  <hr />
                </div>
                <div
                  class="ant-col"
                  data-testid="message-list-item5"
                >
                  <div
                    class="ant-card undefined "
                    data-testid="message-list-card"
                  >
                    <div
                      class="ant-card-body"
                      style="padding: 1rem;"
                    >
                      <div
                        class="ant-row primary"
                      >
                        <div
                          class="ant-col ant-col-4"
                        >
                          <span
                            class="ant-avatar ant-avatar-lg ant-avatar-circle ant-avatar-icon"
                          >
                            <span
                              aria-label="user"
                              class="anticon anticon-user"
                              role="img"
                            >
                              <svg
                                aria-hidden="true"
                                class=""
                                data-icon="user"
                                fill="currentColor"
                                focusable="false"
                                height="1em"
                                viewBox="64 64 896 896"
                                width="1em"
                              >
                                <path
                                  d="M858.5 763.6a374 374 0 00-80.6-119.5 375.63 375.63 0 00-119.5-80.6c-.4-.2-.8-.3-1.2-.5C719.5 518 760 444.7 760 362c0-137-111-248-248-248S264 225 264 362c0 82.7 40.5 156 102.8 201.1-.4.2-.8.3-1.2.5-44.8 18.9-85 46-119.5 80.6a375.63 375.63 0 00-80.6 119.5A371.7 371.7 0 00136 901.8a8 8 0 008 8.2h60c4.4 0 7.9-3.5 8-7.8 2-77.2 33-149.5 87.8-204.3 56.7-56.7 132-87.9 212.2-87.9s155.5 31.2 212.2 87.9C779 752.7 810 825 812 902.2c.1 4.4 3.6 7.8 8 7.8h60a8 8 0 008-8.2c-1-47.8-10.9-94.3-29.5-138.2zM512 534c-45.9 0-89.1-17.9-121.6-50.4S340 407.9 340 362c0-45.9 17.9-89.1 50.4-121.6S466.1 190 512 190s89.1 17.9 121.6 50.4S684 316.1 684 362c0 45.9-17.9 89.1-50.4 121.6S557.9 534 512 534z"
                                />
                              </svg>
                            </span>
                          </span>
                        </div>
                        <div
                          class="ant-col ant-col-20"
                        >
                          <div
                            class="ant-row"
                          >
                            <div
                              class="ant-col"
                            >
                              <h4
                                class="ant-typography"
                              >
                                dodo duck
                              </h4>
                            </div>
                            <div
                              class="ant-col"
                            >
                              <small>
                                a few seconds ago
                              </small>
                            </div>
                          </div>
                          <div
                            class="ant-typography"
                          >
                            applied for 
                            <span
                              class="ant-typography"
                            >
                              <strong>
                                UI/UX Designer
                              </strong>
                            </span>
                          </div>
                        </div>
                      </div>
                      <div
                        class="ant-typography"
                      >
                        dodo duck lives here with some data to be read more about. but the message can go long also
                      </div>
                    </div>
                  </div>
                  <hr />
                </div>
                <div
                  class="ant-col"
                  data-testid="message-list-item6"
                >
                  <div
                    class="ant-card undefined "
                    data-testid="message-list-card"
                  >
                    <div
                      class="ant-card-body"
                      style="padding: 1rem;"
                    >
                      <div
                        class="ant-row primary"
                      >
                        <div
                          class="ant-col ant-col-4"
                        >
                          <span
                            class="ant-avatar ant-avatar-lg ant-avatar-circle ant-avatar-icon"
                          >
                            <span
                              aria-label="user"
                              class="anticon anticon-user"
                              role="img"
                            >
                              <svg
                                aria-hidden="true"
                                class=""
                                data-icon="user"
                                fill="currentColor"
                                focusable="false"
                                height="1em"
                                viewBox="64 64 896 896"
                                width="1em"
                              >
                                <path
                                  d="M858.5 763.6a374 374 0 00-80.6-119.5 375.63 375.63 0 00-119.5-80.6c-.4-.2-.8-.3-1.2-.5C719.5 518 760 444.7 760 362c0-137-111-248-248-248S264 225 264 362c0 82.7 40.5 156 102.8 201.1-.4.2-.8.3-1.2.5-44.8 18.9-85 46-119.5 80.6a375.63 375.63 0 00-80.6 119.5A371.7 371.7 0 00136 901.8a8 8 0 008 8.2h60c4.4 0 7.9-3.5 8-7.8 2-77.2 33-149.5 87.8-204.3 56.7-56.7 132-87.9 212.2-87.9s155.5 31.2 212.2 87.9C779 752.7 810 825 812 902.2c.1 4.4 3.6 7.8 8 7.8h60a8 8 0 008-8.2c-1-47.8-10.9-94.3-29.5-138.2zM512 534c-45.9 0-89.1-17.9-121.6-50.4S340 407.9 340 362c0-45.9 17.9-89.1 50.4-121.6S466.1 190 512 190s89.1 17.9 121.6 50.4S684 316.1 684 362c0 45.9-17.9 89.1-50.4 121.6S557.9 534 512 534z"
                                />
                              </svg>
                            </span>
                          </span>
                        </div>
                        <div
                          class="ant-col ant-col-20"
                        >
                          <div
                            class="ant-row"
                          >
                            <div
                              class="ant-col"
                            >
                              <h4
                                class="ant-typography"
                              >
                                dodo duck
                              </h4>
                            </div>
                            <div
                              class="ant-col"
                            >
                              <small>
                                a few seconds ago
                              </small>
                            </div>
                          </div>
                          <div
                            class="ant-typography"
                          >
                            applied for 
                            <span
                              class="ant-typography"
                            >
                              <strong>
                                UI/UX Designer
                              </strong>
                            </span>
                          </div>
                        </div>
                      </div>
                      <div
                        class="ant-typography"
                      >
                        dodo duck lives here with some data to be read more about. but the message can go long also
                      </div>
                    </div>
                  </div>
                  <hr />
                </div>
                <div
                  class="ant-col"
                  data-testid="message-list-item7"
                >
                  <div
                    class="ant-card undefined "
                    data-testid="message-list-card"
                  >
                    <div
                      class="ant-card-body"
                      style="padding: 1rem;"
                    >
                      <div
                        class="ant-row primary"
                      >
                        <div
                          class="ant-col ant-col-4"
                        >
                          <span
                            class="ant-avatar ant-avatar-lg ant-avatar-circle ant-avatar-icon"
                          >
                            <span
                              aria-label="user"
                              class="anticon anticon-user"
                              role="img"
                            >
                              <svg
                                aria-hidden="true"
                                class=""
                                data-icon="user"
                                fill="currentColor"
                                focusable="false"
                                height="1em"
                                viewBox="64 64 896 896"
                                width="1em"
                              >
                                <path
                                  d="M858.5 763.6a374 374 0 00-80.6-119.5 375.63 375.63 0 00-119.5-80.6c-.4-.2-.8-.3-1.2-.5C719.5 518 760 444.7 760 362c0-137-111-248-248-248S264 225 264 362c0 82.7 40.5 156 102.8 201.1-.4.2-.8.3-1.2.5-44.8 18.9-85 46-119.5 80.6a375.63 375.63 0 00-80.6 119.5A371.7 371.7 0 00136 901.8a8 8 0 008 8.2h60c4.4 0 7.9-3.5 8-7.8 2-77.2 33-149.5 87.8-204.3 56.7-56.7 132-87.9 212.2-87.9s155.5 31.2 212.2 87.9C779 752.7 810 825 812 902.2c.1 4.4 3.6 7.8 8 7.8h60a8 8 0 008-8.2c-1-47.8-10.9-94.3-29.5-138.2zM512 534c-45.9 0-89.1-17.9-121.6-50.4S340 407.9 340 362c0-45.9 17.9-89.1 50.4-121.6S466.1 190 512 190s89.1 17.9 121.6 50.4S684 316.1 684 362c0 45.9-17.9 89.1-50.4 121.6S557.9 534 512 534z"
                                />
                              </svg>
                            </span>
                          </span>
                        </div>
                        <div
                          class="ant-col ant-col-20"
                        >
                          <div
                            class="ant-row"
                          >
                            <div
                              class="ant-col"
                            >
                              <h4
                                class="ant-typography"
                              >
                                dodo duck
                              </h4>
                            </div>
                            <div
                              class="ant-col"
                            >
                              <small>
                                a few seconds ago
                              </small>
                            </div>
                          </div>
                          <div
                            class="ant-typography"
                          >
                            applied for 
                            <span
                              class="ant-typography"
                            >
                              <strong>
                                UI/UX Designer
                              </strong>
                            </span>
                          </div>
                        </div>
                      </div>
                      <div
                        class="ant-typography"
                      >
                        dodo duck lives here with some data to be read more about. but the message can go long also
                      </div>
                    </div>
                  </div>
                  <hr />
                </div>
                <div
                  class="ant-col"
                  data-testid="message-list-item8"
                >
                  <div
                    class="ant-card undefined "
                    data-testid="message-list-card"
                  >
                    <div
                      class="ant-card-body"
                      style="padding: 1rem;"
                    >
                      <div
                        class="ant-row primary"
                      >
                        <div
                          class="ant-col ant-col-4"
                        >
                          <span
                            class="ant-avatar ant-avatar-lg ant-avatar-circle ant-avatar-icon"
                          >
                            <span
                              aria-label="user"
                              class="anticon anticon-user"
                              role="img"
                            >
                              <svg
                                aria-hidden="true"
                                class=""
                                data-icon="user"
                                fill="currentColor"
                                focusable="false"
                                height="1em"
                                viewBox="64 64 896 896"
                                width="1em"
                              >
                                <path
                                  d="M858.5 763.6a374 374 0 00-80.6-119.5 375.63 375.63 0 00-119.5-80.6c-.4-.2-.8-.3-1.2-.5C719.5 518 760 444.7 760 362c0-137-111-248-248-248S264 225 264 362c0 82.7 40.5 156 102.8 201.1-.4.2-.8.3-1.2.5-44.8 18.9-85 46-119.5 80.6a375.63 375.63 0 00-80.6 119.5A371.7 371.7 0 00136 901.8a8 8 0 008 8.2h60c4.4 0 7.9-3.5 8-7.8 2-77.2 33-149.5 87.8-204.3 56.7-56.7 132-87.9 212.2-87.9s155.5 31.2 212.2 87.9C779 752.7 810 825 812 902.2c.1 4.4 3.6 7.8 8 7.8h60a8 8 0 008-8.2c-1-47.8-10.9-94.3-29.5-138.2zM512 534c-45.9 0-89.1-17.9-121.6-50.4S340 407.9 340 362c0-45.9 17.9-89.1 50.4-121.6S466.1 190 512 190s89.1 17.9 121.6 50.4S684 316.1 684 362c0 45.9-17.9 89.1-50.4 121.6S557.9 534 512 534z"
                                />
                              </svg>
                            </span>
                          </span>
                        </div>
                        <div
                          class="ant-col ant-col-20"
                        >
                          <div
                            class="ant-row"
                          >
                            <div
                              class="ant-col"
                            >
                              <h4
                                class="ant-typography"
                              >
                                dodo duck
                              </h4>
                            </div>
                            <div
                              class="ant-col"
                            >
                              <small>
                                a few seconds ago
                              </small>
                            </div>
                          </div>
                          <div
                            class="ant-typography"
                          >
                            applied for 
                            <span
                              class="ant-typography"
                            >
                              <strong>
                                UI/UX Designer
                              </strong>
                            </span>
                          </div>
                        </div>
                      </div>
                      <div
                        class="ant-typography"
                      >
                        dodo duck lives here with some data to be read more about. but the message can go long also
                      </div>
                    </div>
                  </div>
                  <hr />
                </div>
                <div
                  class="ant-col"
                  data-testid="message-list-item9"
                >
                  <div
                    class="ant-card undefined "
                    data-testid="message-list-card"
                  >
                    <div
                      class="ant-card-body"
                      style="padding: 1rem;"
                    >
                      <div
                        class="ant-row primary"
                      >
                        <div
                          class="ant-col ant-col-4"
                        >
                          <span
                            class="ant-avatar ant-avatar-lg ant-avatar-circle ant-avatar-icon"
                          >
                            <span
                              aria-label="user"
                              class="anticon anticon-user"
                              role="img"
                            >
                              <svg
                                aria-hidden="true"
                                class=""
                                data-icon="user"
                                fill="currentColor"
                                focusable="false"
                                height="1em"
                                viewBox="64 64 896 896"
                                width="1em"
                              >
                                <path
                                  d="M858.5 763.6a374 374 0 00-80.6-119.5 375.63 375.63 0 00-119.5-80.6c-.4-.2-.8-.3-1.2-.5C719.5 518 760 444.7 760 362c0-137-111-248-248-248S264 225 264 362c0 82.7 40.5 156 102.8 201.1-.4.2-.8.3-1.2.5-44.8 18.9-85 46-119.5 80.6a375.63 375.63 0 00-80.6 119.5A371.7 371.7 0 00136 901.8a8 8 0 008 8.2h60c4.4 0 7.9-3.5 8-7.8 2-77.2 33-149.5 87.8-204.3 56.7-56.7 132-87.9 212.2-87.9s155.5 31.2 212.2 87.9C779 752.7 810 825 812 902.2c.1 4.4 3.6 7.8 8 7.8h60a8 8 0 008-8.2c-1-47.8-10.9-94.3-29.5-138.2zM512 534c-45.9 0-89.1-17.9-121.6-50.4S340 407.9 340 362c0-45.9 17.9-89.1 50.4-121.6S466.1 190 512 190s89.1 17.9 121.6 50.4S684 316.1 684 362c0 45.9-17.9 89.1-50.4 121.6S557.9 534 512 534z"
                                />
                              </svg>
                            </span>
                          </span>
                        </div>
                        <div
                          class="ant-col ant-col-20"
                        >
                          <div
                            class="ant-row"
                          >
                            <div
                              class="ant-col"
                            >
                              <h4
                                class="ant-typography"
                              >
                                dodo duck
                              </h4>
                            </div>
                            <div
                              class="ant-col"
                            >
                              <small>
                                a few seconds ago
                              </small>
                            </div>
                          </div>
                          <div
                            class="ant-typography"
                          >
                            applied for 
                            <span
                              class="ant-typography"
                            >
                              <strong>
                                UI/UX Designer
                              </strong>
                            </span>
                          </div>
                        </div>
                      </div>
                      <div
                        class="ant-typography"
                      >
                        dodo duck lives here with some data to be read more about. but the message can go long also
                      </div>
                    </div>
                  </div>
                  <hr />
                </div>
              </div>
            </div>
          </div>
        </aside>
      </div>
      <div
        class="ant-col ant-col-16"
      >
        <section
          class="ant-layout site-layout"
        >
          <main
            class="ant-layout-content"
          >
            <div>
              <h2>
                Your Messages
              </h2>
              <p>
                Send private photos and messages to a friend or group.
              </p>
              <div>
                <div
                  class="RichEditor-root"
                >
                  <div
                    class="RichEditor-controls"
                  >
                    <span
                      class="RichEditor-styleButton"
                    >
                      H1
                    </span>
                    <span
                      class="RichEditor-styleButton"
                    >
                      H2
                    </span>
                    <span
                      class="RichEditor-styleButton"
                    >
                      H3
                    </span>
                    <span
                      class="RichEditor-styleButton"
                    >
                      H4
                    </span>
                    <span
                      class="RichEditor-styleButton"
                    >
                      H5
                    </span>
                    <span
                      class="RichEditor-styleButton"
                    >
                      H6
                    </span>
                    <span
                      class="RichEditor-styleButton"
                    >
                      Blockquote
                    </span>
                    <span
                      class="RichEditor-styleButton"
                    >
                      UL
                    </span>
                    <span
                      class="RichEditor-styleButton"
                    >
                      OL
                    </span>
                    <span
                      class="RichEditor-styleButton"
                    >
                      Code Block
                    </span>
                  </div>
                  <div
                    class="RichEditor-controls"
                  >
                    <span
                      class="RichEditor-styleButton"
                    >
                      Bold
                    </span>
                    <span
                      class="RichEditor-styleButton"
                    >
                      Italic
                    </span>
                    <span
                      class="RichEditor-styleButton"
                    >
                      Underline
                    </span>
                    <span
                      class="RichEditor-styleButton"
                    >
                      Monospace
                    </span>
                  </div>
                  <div
                    class="RichEditor-editor"
                  >
                    <div
                      class="DraftEditor-root"
                    >
                      <div
                        class="public-DraftEditorPlaceholder-root"
                      >
                        <div
                          class="public-DraftEditorPlaceholder-inner"
                          id="placeholder-umdg"
                          style="white-space: pre-wrap;"
                        >
                          Write Your message...
                        </div>
                      </div>
                      <div
                        class="DraftEditor-editorContainer"
                      >
                        <div
                          aria-describedby="placeholder-umdg"
                          class="notranslate public-DraftEditor-content"
                          contenteditable="true"
                          role="textbox"
                          spellcheck="true"
                          style="outline: none; user-select: text; white-space: pre-wrap; word-wrap: break-word;"
                        >
                          <div
                            data-contents="true"
                          >
                            <div
                              class=""
                              data-block="true"
                              data-editor="umdg"
                              data-offset-key="4i0i5-0-0"
                            >
                              <div
                                class="public-DraftStyleDefault-block public-DraftStyleDefault-ltr"
                                data-offset-key="4i0i5-0-0"
                              >
                                <span
                                  data-offset-key="4i0i5-0-0"
                                >
                                  <br
                                    data-text="true"
                                  />
                                </span>
                              </div>
                            </div>
                          </div>
                        </div>
                      </div>
                    </div>
                  </div>
                  <div
                    class="footer"
                  >
                    <button
                      class="ant-btn"
                      type="button"
                    >
                      <span
                        aria-label="upload"
                        class="anticon anticon-upload"
                        role="img"
                      >
                        <svg
                          aria-hidden="true"
                          class=""
                          data-icon="upload"
                          fill="currentColor"
                          focusable="false"
                          height="1em"
                          viewBox="64 64 896 896"
                          width="1em"
                        >
                          <path
                            d="M400 317.7h73.9V656c0 4.4 3.6 8 8 8h60c4.4 0 8-3.6 8-8V317.7H624c6.7 0 10.4-7.7 6.3-12.9L518.3 163a8 8 0 00-12.6 0l-112 141.7c-4.1 5.3-.4 13 6.3 13zM878 626h-60c-4.4 0-8 3.6-8 8v154H214V634c0-4.4-3.6-8-8-8h-60c-4.4 0-8 3.6-8 8v198c0 17.7 14.3 32 32 32h684c17.7 0 32-14.3 32-32V634c0-4.4-3.6-8-8-8z"
                          />
                        </svg>
                      </span>
                    </button>
                    <div
                      class="ant-divider ant-divider-vertical"
                      role="separator"
                    />
                    <button
                      class="ant-btn"
                      type="button"
                    >
                      <span>
                        Send
                      </span>
                    </button>
                  </div>
                </div>
              </div>
            </div>
          </main>
        </section>
      </div>
    </section>
  </div>
</DocumentFragment>
`;
